/home/meiya/.local/lib/python3.10/site-packages/paddle/utils/cpp_extension/extension_utils.py:718: UserWarning: No ccache found. Please be aware that recompiling all source files may be required. You can download and install ccache from: https://github.com/ccache/ccache/blob/master/doc/INSTALL.md
  warnings.warn(warning_message)
[32mCreating model: ('PaddleOCR-VL-0.9B', None)[0m
[32mModel files already exist. Using cached files. To redownload, please delete the directory manually: `/home/meiya/.paddlex/official_models/PaddleOCR-VL`.[0m
[32mLoading configuration file /home/meiya/.paddlex/official_models/PaddleOCR-VL/PaddleOCR-VL-0.9B/config.json[0m
[32mLoading weights file /home/meiya/.paddlex/official_models/PaddleOCR-VL/PaddleOCR-VL-0.9B/model.safetensors[0m
[32muse GQA - num_heads: 16- num_key_value_heads: 2[0m
[32muse GQA - num_heads: 16- num_key_value_heads: 2[0m
[32muse GQA - num_heads: 16- num_key_value_heads: 2[0m
[32muse GQA - num_heads: 16- num_key_value_heads: 2[0m
[32muse GQA - num_heads: 16- num_key_value_heads: 2[0m
[32muse GQA - num_heads: 16- num_key_value_heads: 2[0m
[32muse GQA - num_heads: 16- num_key_value_heads: 2[0m
[32muse GQA - num_heads: 16- num_key_value_heads: 2[0m
[32muse GQA - num_heads: 16- num_key_value_heads: 2[0m
[32muse GQA - num_heads: 16- num_key_value_heads: 2[0m
[32muse GQA - num_heads: 16- num_key_value_heads: 2[0m
[32muse GQA - num_heads: 16- num_key_value_heads: 2[0m
[32muse GQA - num_heads: 16- num_key_value_heads: 2[0m
[32muse GQA - num_heads: 16- num_key_value_heads: 2[0m
[32muse GQA - num_heads: 16- num_key_value_heads: 2[0m
[32muse GQA - num_heads: 16- num_key_value_heads: 2[0m
[32muse GQA - num_heads: 16- num_key_value_heads: 2[0m
[32muse GQA - num_heads: 16- num_key_value_heads: 2[0m
/home/meiya/.local/lib/python3.10/site-packages/paddle/utils/decorator_utils.py:420: Warning: 
Non compatible API. Please refer to https://www.paddlepaddle.org.cn/documentation/docs/en/develop/guides/model_convert/convert_from_pytorch/api_difference/torch/torch.split.html first.
  warnings.warn(
[32mLoaded weights file from disk, setting weights to model.[0m
[32mCreating model: ('PP-DocLayoutV2', None)[0m
[32mModel files already exist. Using cached files. To redownload, please delete the directory manually: `/home/meiya/.paddlex/official_models/PP-DocLayoutV2`.[0m
[32mCreating model: ('PaddleOCR-VL-0.9B', None)[0m
[32mModel files already exist. Using cached files. To redownload, please delete the directory manually: `/home/meiya/.paddlex/official_models/PaddleOCR-VL`.[0m
[32mLoading configuration file /home/meiya/.paddlex/official_models/PaddleOCR-VL/PaddleOCR-VL-0.9B/config.json[0m
[32mLoading weights file /home/meiya/.paddlex/official_models/PaddleOCR-VL/PaddleOCR-VL-0.9B/model.safetensors[0m
[32muse GQA - num_heads: 16- num_key_value_heads: 2[0m
[32muse GQA - num_heads: 16- num_key_value_heads: 2[0m
[32muse GQA - num_heads: 16- num_key_value_heads: 2[0m
[32muse GQA - num_heads: 16- num_key_value_heads: 2[0m
[32muse GQA - num_heads: 16- num_key_value_heads: 2[0m
[32muse GQA - num_heads: 16- num_key_value_heads: 2[0m
[32muse GQA - num_heads: 16- num_key_value_heads: 2[0m
[32muse GQA - num_heads: 16- num_key_value_heads: 2[0m
[32muse GQA - num_heads: 16- num_key_value_heads: 2[0m
[32muse GQA - num_heads: 16- num_key_value_heads: 2[0m
[32muse GQA - num_heads: 16- num_key_value_heads: 2[0m
[32muse GQA - num_heads: 16- num_key_value_heads: 2[0m
[32muse GQA - num_heads: 16- num_key_value_heads: 2[0m
[32muse GQA - num_heads: 16- num_key_value_heads: 2[0m
[32muse GQA - num_heads: 16- num_key_value_heads: 2[0m
[32muse GQA - num_heads: 16- num_key_value_heads: 2[0m
[32muse GQA - num_heads: 16- num_key_value_heads: 2[0m
[32muse GQA - num_heads: 16- num_key_value_heads: 2[0m
[32mLoaded weights file from disk, setting weights to model.[0m
第一次初始化失败: Variable dtype not match, Variable [ linear_164.w_0 ] need tensor with dtype paddle.float32  but load tensor with dtype paddle.bfloat16
第二次初始化也失败: Variable dtype not match, Variable [ linear_407.w_0 ] need tensor with dtype paddle.float32  but load tensor with dtype paddle.bfloat16
